// Jest Snapshot v1, https://goo.gl/fbAQLP

exports[`快照测试 1`] = `
Object {
  "password": "1234",
  "server": "http://localhost",
  "userName": "test",
}
`;
